PS C:\Users\name> cd C:\Users\name\Desktop\Samurai_kadai
PS C:\Users\name\Desktop\Samurai_kadai> git init git_challenge
Initialized empty Git repository in C:/Users/name/Desktop/Samurai_kadai/git_challenge/.git/
PS C:\Users\name\Desktop\Samurai_kadai> cd git_challenge
PS C:\Users\name\Desktop\Samurai_kadai\git_challenge> type hello_world.txt
Hello, world!
PS C:\Users\name\Desktop\Samurai_kadai\git_challenge> git add hello_world.txt
PS C:\Users\name\Desktop\Samurai_kadai\git_challenge> git commit -m "hello_world.txtを追加"
[main (root-commit) 7910ef7] hello_world.txtを追加
 1 file changed, 1 insertion(+)
 create mode 100644 hello_world.txt
PS C:\Users\name\Desktop\Samurai_kadai\git_challenge> git add hello_world.txt     
PS C:\Users\name\Desktop\Samurai_kadai\git_challenge> git commit -m "日本語訳を追記"       
[main 67dd04f] 日本語訳を追記
 1 file changed, 1 insertion(+)
PS C:\Users\name\Desktop\Samurai_kadai\git_challenge> git log --oneline
67dd04f (HEAD -> main) 日本語訳を追記
7910ef7 hello_world.txtを追加
PS C:\Users\name\Desktop\Samurai_kadai\git_challenge> 