PS C:\Users\pkmn9> cd C:\Users\pkmn9\Desktop\Samurai_kadai
PS C:\Users\pkmn9\Desktop\Samurai_kadai> git init git_challenge
Initialized empty Git repository in C:/Users/pkmn9/Desktop/Samurai_kadai/git_challenge/.git/
PS C:\Users\pkmn9\Desktop\Samurai_kadai> cd git_challenge
PS C:\Users\pkmn9\Desktop\Samurai_kadai\git_challenge> git add hello_world.txt
PS C:\Users\pkmn9\Desktop\Samurai_kadai\git_challenge> git commit -m "hello_world.txtを追加"
[main (root-commit) 8b0cfaf] hello_world.txtを追加
 1 file changed, 1 insertion(+)
 create mode 100644 hello_world.txt
PS C:\Users\pkmn9\Desktop\Samurai_kadai\git_challenge> git add hello_world.txt
PS C:\Users\pkmn9\Desktop\Samurai_kadai\git_challenge> git commit -m "日本語訳を追記"       
[main 6bdbf75] 日本語訳を追記
 1 file changed, 2 insertions(+), 1 deletion(-)
PS C:\Users\pkmn9\Desktop\Samurai_kadai\git_challenge> git log --oneline
6bdbf75 (HEAD -> main) 日本語訳を追記
8b0cfaf hello_world.txtを追加
PS C:\Users\pkmn9\Desktop\Samurai_kadai\git_challenge> 